Starting analysis...
[Rick AI] Ejecutando consulta en BigQuery: SELECT date, sum(total_sales) as sales FROM `barbu-sportif-ai-center.mindbody_analytics.daily_revenue` WHERE date >= current_date - 7 GROUP BY 1 ORDER BY 1 DESC
node.exe : [Rick AI] Error en BigQuery: Not 
found: Table barbu-sportif-ai-center:mindbody
_analytics.daily_revenue was not found in 
location northamerica-northeast1
En línea: 1 Carácter: 1
+ & "C:\Program Files\nodejs/node.exe" 
"C:\Users\rgong\AppData\Roaming\ ...
+ ~~~~~~~~~~~~~~~~~~~~~~~~~~~~~~~~~~~~~~~~~~~
~~~~~~~~~~~~~~~~~~~~~~~~~~
    + CategoryInfo          : NotSpecified:  
   ([Rick AI] Error...rica-northeast1:Strin  
  g) [], RemoteException
    + FullyQualifiedErrorId : NativeCommandE 
   rror
 
BigQuery Error: Error: Error al consultar la 
base de datos: Not found: Table barbu-sportif
-ai-center:mindbody_analytics.daily_revenue 
was not found in location 
northamerica-northeast1
    at queryBigQuery (D:\rgong\Documents\barb
usportif-ai\lib\bigquery.ts:37:11)
    at process.processTicksAndRejections 
(node:internal/process/task_queues:103:5)
    at async Promise.all (index 0)
    at async runFullStrategicAnalysis (D:\rgo
ng\Documents\barbusportif-ai\lib\analysis-eng
ine.ts:10:39)
    at async test (D:\rgong\Documents\barbusp
ortif-ai\tmp\test-analysis.ts:6:20)
Gemini API Response Status: 404
Gemini API Response Data: {
  "error": {
    "code": 404,
    "message": "Publisher Model `projects/barbu-sportif-ai-center/locations/us-central1/publishers/google/models/gemini-1.5-flash` was not found or your project does not have access to it. Please ensure you are using a valid model version. For more information, see: https://cloud.google.com/vertex-ai/generative-ai/docs/learn/model-versions",
    "status": "NOT_FOUND"
  }
}
Analysis Failure: Error: Gemini API Error or 
Empty Response: 
{"error":{"code":404,"message":"Publisher 
Model `projects/barbu-sportif-ai-center/locat
ions/us-central1/publishers/google/models/gem
ini-1.5-flash` was not found or your project 
does not have access to it. Please ensure 
you are using a valid model version. For 
more information, see: https://cloud.google.c
om/vertex-ai/generative-ai/docs/learn/model-v
ersions","status":"NOT_FOUND"}}
    at runFullStrategicAnalysis (D:\rgong\Doc
uments\barbusportif-ai\lib\analysis-engine.ts
:78:13)
    at process.processTicksAndRejections 
(node:internal/process/task_queues:103:5)
    at async test (D:\rgong\Documents\barbusp
ortif-ai\tmp\test-analysis.ts:6:20)
TEST FAILED: Error: Gemini API Error or 
Empty Response: 
{"error":{"code":404,"message":"Publisher 
Model `projects/barbu-sportif-ai-center/locat
ions/us-central1/publishers/google/models/gem
ini-1.5-flash` was not found or your project 
does not have access to it. Please ensure 
you are using a valid model version. For 
more information, see: https://cloud.google.c
om/vertex-ai/generative-ai/docs/learn/model-v
ersions","status":"NOT_FOUND"}}
    at runFullStrategicAnalysis (D:\rgong\Doc
uments\barbusportif-ai\lib\analysis-engine.ts
:78:13)
    at process.processTicksAndRejections 
(node:internal/process/task_queues:103:5)
    at async test (D:\rgong\Documents\barbusp
ortif-ai\tmp\test-analysis.ts:6:20)
